// Jest Snapshot v1, https://goo.gl/fbAQLP

exports[`Character Card Component Structure 1`] = `
<div
  className="MuiPaper-root MuiPaper-elevation1 MuiCard-root card MuiPaper-rounded"
>
  <button
    className="MuiButtonBase-root MuiCardActionArea-root"
    onBlur={[Function]}
    onClick={[Function]}
    onDragLeave={[Function]}
    onFocus={[Function]}
    onKeyDown={[Function]}
    onKeyUp={[Function]}
    onMouseDown={[Function]}
    onMouseLeave={[Function]}
    onMouseUp={[Function]}
    onTouchEnd={[Function]}
    onTouchMove={[Function]}
    onTouchStart={[Function]}
    tabIndex={0}
    type="button"
  >
    <div
      className="card-wrapper"
    >
      <div
        className="MuiCardContent-root card-info"
      >
        
      </div>
      <div
        className="MuiCardMedia-root card-image"
        title="Rick And Morty Character"
      />
    </div>
    <span
      className="MuiCardActionArea-focusHighlight"
    />
  </button>
</div>
`;

exports[`Link changes the class when hovered 1`] = `
<div
  className="MuiPaper-root MuiPaper-elevation1 MuiCard-root card MuiPaper-rounded"
>
  <button
    className="MuiButtonBase-root MuiCardActionArea-root"
    onBlur={[Function]}
    onClick={[Function]}
    onDragLeave={[Function]}
    onFocus={[Function]}
    onKeyDown={[Function]}
    onKeyUp={[Function]}
    onMouseDown={[Function]}
    onMouseLeave={[Function]}
    onMouseUp={[Function]}
    onTouchEnd={[Function]}
    onTouchMove={[Function]}
    onTouchStart={[Function]}
    tabIndex={0}
    type="button"
  >
    <div
      className="card-wrapper"
    >
      <div
        className="MuiCardContent-root card-info"
      >
        
      </div>
      <div
        className="MuiCardMedia-root card-image"
        title="Rick And Morty Character"
      />
    </div>
    <span
      className="MuiCardActionArea-focusHighlight"
    />
  </button>
</div>
`;
