// Jest Snapshot v1, https://goo.gl/fbAQLP

exports[`Details Page Component Structure 1`] = `
<div
  className="page-container"
>
  <div
    className="page-header"
  >
    <div
      className="page-logo"
    />
  </div>
  <button
    className="back-button"
    onClick={[Function]}
    type="button"
  >
    &lt; Back
  </button>
  <div
    className="details-page-container"
  />
</div>
`;
